
  .   ____          _            __ _ _
 /\\ / ___'_ __ _ _(_)_ __  __ _ \ \ \ \
( ( )\___ | '_ | '_| | '_ \/ _` | \ \ \ \
 \\/  ___)| |_)| | | | | || (_| |  ) ) ) )
  '  |____| .__|_| |_|_| |_\__, | / / / /
 =========|_|==============|___/=/_/_/_/
 :: Spring Boot ::                (v3.2.0)

2026-04-10T14:10:49.145+08:00  INFO 66116 --- [gateway-service] [           main] c.f.gateway.GatewayServiceApplication    : Starting GatewayServiceApplication v1.0.0-SNAPSHOT using Java 17.0.18 with PID 66116 (D:\wm\JAVA\NBLT_BDAP\nblt\nblt\gateway-service\target\gateway-service-1.0.0-SNAPSHOT.jar started by demo in D:\wm\JAVA\NBLT_BDAP\nblt\nblt\gateway-service)
2026-04-10T14:10:49.152+08:00  INFO 66116 --- [gateway-service] [           main] c.f.gateway.GatewayServiceApplication    : No active profile set, falling back to 1 default profile: "default"
2026-04-10T14:10:51.341+08:00  INFO 66116 --- [gateway-service] [           main] o.s.cloud.context.scope.GenericScope     : BeanFactory id=820415cc-67bf-359f-860b-ef2246967c11
2026-04-10T14:10:52.650+08:00 DEBUG 66116 --- [gateway-service] [           main] o.s.c.gateway.config.GatewayProperties   : Routes supplied from Gateway Properties: [RouteDefinition{id='user-service-auth', predicates=[PredicateDefinition{name='Path', args={_genkey_0=/api/auth/**}}], filters=[], uri=http://localhost:8081, order=0, metadata={}}, RouteDefinition{id='user-service-user', predicates=[PredicateDefinition{name='Path', args={_genkey_0=/api/user/**}}], filters=[], uri=http://localhost:8081, order=0, metadata={}}, RouteDefinition{id='content-service-post', predicates=[PredicateDefinition{name='Path', args={_genkey_0=/api/post/**}}], filters=[], uri=http://localhost:8082, order=0, metadata={}}, RouteDefinition{id='content-service-comment', predicates=[PredicateDefinition{name='Path', args={_genkey_0=/api/comment/**}}], filters=[], uri=http://localhost:8082, order=0, metadata={}}]
2026-04-10T14:10:53.309+08:00  INFO 66116 --- [gateway-service] [           main] o.s.c.g.r.RouteDefinitionRouteLocator    : Loaded RoutePredicateFactory [After]
2026-04-10T14:10:53.309+08:00  INFO 66116 --- [gateway-service] [           main] o.s.c.g.r.RouteDefinitionRouteLocator    : Loaded RoutePredicateFactory [Before]
2026-04-10T14:10:53.309+08:00  INFO 66116 --- [gateway-service] [           main] o.s.c.g.r.RouteDefinitionRouteLocator    : Loaded RoutePredicateFactory [Between]
2026-04-10T14:10:53.317+08:00  INFO 66116 --- [gateway-service] [           main] o.s.c.g.r.RouteDefinitionRouteLocator    : Loaded RoutePredicateFactory [Cookie]
2026-04-10T14:10:53.317+08:00  INFO 66116 --- [gateway-service] [           main] o.s.c.g.r.RouteDefinitionRouteLocator    : Loaded RoutePredicateFactory [Header]
2026-04-10T14:10:53.317+08:00  INFO 66116 --- [gateway-service] [           main] o.s.c.g.r.RouteDefinitionRouteLocator    : Loaded RoutePredicateFactory [Host]
2026-04-10T14:10:53.317+08:00  INFO 66116 --- [gateway-service] [           main] o.s.c.g.r.RouteDefinitionRouteLocator    : Loaded RoutePredicateFactory [Method]
2026-04-10T14:10:53.317+08:00  INFO 66116 --- [gateway-service] [           main] o.s.c.g.r.RouteDefinitionRouteLocator    : Loaded RoutePredicateFactory [Path]
2026-04-10T14:10:53.317+08:00  INFO 66116 --- [gateway-service] [           main] o.s.c.g.r.RouteDefinitionRouteLocator    : Loaded RoutePredicateFactory [Query]
2026-04-10T14:10:53.317+08:00  INFO 66116 --- [gateway-service] [           main] o.s.c.g.r.RouteDefinitionRouteLocator    : Loaded RoutePredicateFactory [ReadBody]
2026-04-10T14:10:53.317+08:00  INFO 66116 --- [gateway-service] [           main] o.s.c.g.r.RouteDefinitionRouteLocator    : Loaded RoutePredicateFactory [RemoteAddr]
2026-04-10T14:10:53.317+08:00  INFO 66116 --- [gateway-service] [           main] o.s.c.g.r.RouteDefinitionRouteLocator    : Loaded RoutePredicateFactory [XForwardedRemoteAddr]
2026-04-10T14:10:53.317+08:00  INFO 66116 --- [gateway-service] [           main] o.s.c.g.r.RouteDefinitionRouteLocator    : Loaded RoutePredicateFactory [Weight]
2026-04-10T14:10:53.317+08:00  INFO 66116 --- [gateway-service] [           main] o.s.c.g.r.RouteDefinitionRouteLocator    : Loaded RoutePredicateFactory [CloudFoundryRouteService]
2026-04-10T14:10:54.214+08:00  INFO 66116 --- [gateway-service] [           main] o.s.b.a.e.web.EndpointLinksResolver      : Exposing 3 endpoint(s) beneath base path '/actuator'
2026-04-10T14:10:56.075+08:00  INFO 66116 --- [gateway-service] [           main] o.s.b.web.embedded.netty.NettyWebServer  : Netty started on port 8080
2026-04-10T14:10:56.392+08:00 DEBUG 66116 --- [gateway-service] [           main] o.s.c.g.r.RouteDefinitionRouteLocator    : RouteDefinition user-service-auth applying {_genkey_0=/api/auth/**} to Path
2026-04-10T14:10:56.434+08:00 DEBUG 66116 --- [gateway-service] [           main] o.s.c.g.r.RouteDefinitionRouteLocator    : RouteDefinition user-service-auth applying filter {_genkey_0=Access-Control-Allow-Credentials Access-Control-Allow-Origin} to DedupeResponseHeader
2026-04-10T14:10:56.452+08:00 DEBUG 66116 --- [gateway-service] [           main] o.s.c.g.r.RouteDefinitionRouteLocator    : RouteDefinition matched: user-service-auth
2026-04-10T14:10:56.452+08:00 DEBUG 66116 --- [gateway-service] [           main] o.s.c.g.r.RouteDefinitionRouteLocator    : RouteDefinition user-service-user applying {_genkey_0=/api/user/**} to Path
2026-04-10T14:10:56.456+08:00 DEBUG 66116 --- [gateway-service] [           main] o.s.c.g.r.RouteDefinitionRouteLocator    : RouteDefinition user-service-user applying filter {_genkey_0=Access-Control-Allow-Credentials Access-Control-Allow-Origin} to DedupeResponseHeader
2026-04-10T14:10:56.456+08:00 DEBUG 66116 --- [gateway-service] [           main] o.s.c.g.r.RouteDefinitionRouteLocator    : RouteDefinition matched: user-service-user
2026-04-10T14:10:56.456+08:00 DEBUG 66116 --- [gateway-service] [           main] o.s.c.g.r.RouteDefinitionRouteLocator    : RouteDefinition content-service-post applying {_genkey_0=/api/post/**} to Path
2026-04-10T14:10:56.459+08:00 DEBUG 66116 --- [gateway-service] [           main] o.s.c.g.r.RouteDefinitionRouteLocator    : RouteDefinition content-service-post applying filter {_genkey_0=Access-Control-Allow-Credentials Access-Control-Allow-Origin} to DedupeResponseHeader
2026-04-10T14:10:56.459+08:00 DEBUG 66116 --- [gateway-service] [           main] o.s.c.g.r.RouteDefinitionRouteLocator    : RouteDefinition matched: content-service-post
2026-04-10T14:10:56.459+08:00 DEBUG 66116 --- [gateway-service] [           main] o.s.c.g.r.RouteDefinitionRouteLocator    : RouteDefinition content-service-comment applying {_genkey_0=/api/comment/**} to Path
2026-04-10T14:10:56.459+08:00 DEBUG 66116 --- [gateway-service] [           main] o.s.c.g.r.RouteDefinitionRouteLocator    : RouteDefinition content-service-comment applying filter {_genkey_0=Access-Control-Allow-Credentials Access-Control-Allow-Origin} to DedupeResponseHeader
2026-04-10T14:10:56.459+08:00 DEBUG 66116 --- [gateway-service] [           main] o.s.c.g.r.RouteDefinitionRouteLocator    : RouteDefinition matched: content-service-comment
2026-04-10T14:10:56.467+08:00 DEBUG 66116 --- [gateway-service] [           main] o.s.c.g.filter.GatewayMetricsFilter      : New routes count: 4
2026-04-10T14:10:56.476+08:00  INFO 66116 --- [gateway-service] [           main] c.f.gateway.GatewayServiceApplication    : Started GatewayServiceApplication in 8.074 seconds (process running for 8.875)
2026-04-10T14:30:28.666+08:00 DEBUG 66116 --- [gateway-service] [ctor-http-nio-3] o.s.c.g.h.RoutePredicateHandlerMapping   : Route matched: user-service-auth
2026-04-10T14:30:28.674+08:00 DEBUG 66116 --- [gateway-service] [ctor-http-nio-3] o.s.c.g.h.RoutePredicateHandlerMapping   : Mapping [Exchange: POST http://localhost:8080/api/auth/login] to Route{id='user-service-auth', uri=http://localhost:8081, order=0, predicate=Paths: [/api/auth/**], match trailing slash: true, gatewayFilters=[[[DedupeResponseHeader Access-Control-Allow-Credentials Access-Control-Allow-Origin = RETAIN_FIRST], order = 1]], metadata={}}
2026-04-10T14:30:28.674+08:00 DEBUG 66116 --- [gateway-service] [ctor-http-nio-3] o.s.c.g.h.RoutePredicateHandlerMapping   : [c9fc9af1-1] Mapped to org.springframework.cloud.gateway.handler.FilteringWebHandler@1e27c7c3
2026-04-10T14:30:28.674+08:00 DEBUG 66116 --- [gateway-service] [ctor-http-nio-3] o.s.c.g.handler.FilteringWebHandler      : Sorted gatewayFilterFactories: [[GatewayFilterAdapter{delegate=org.springframework.cloud.gateway.filter.RemoveCachedBodyFilter@6579cdbb}, order = -2147483648], [GatewayFilterAdapter{delegate=org.springframework.cloud.gateway.filter.AdaptCachedBodyGlobalFilter@7af443a3}, order = -2147482648], [GatewayFilterAdapter{delegate=org.springframework.cloud.gateway.filter.NettyWriteResponseFilter@1e3df614}, order = -1], [GatewayFilterAdapter{delegate=org.springframework.cloud.gateway.filter.ForwardPathFilter@6f6efa4f}, order = 0], [GatewayFilterAdapter{delegate=org.springframework.cloud.gateway.filter.GatewayMetricsFilter@6b357eb6}, order = 0], [[DedupeResponseHeader Access-Control-Allow-Credentials Access-Control-Allow-Origin = RETAIN_FIRST], order = 1], [GatewayFilterAdapter{delegate=org.springframework.cloud.gateway.filter.RouteToRequestUrlFilter@fd413fb}, order = 10000], [GatewayFilterAdapter{delegate=org.springframework.cloud.gateway.config.GatewayNoLoadBalancerClientAutoConfiguration$NoLoadBalancerClientFilter@64bebd55}, order = 10150], [GatewayFilterAdapter{delegate=org.springframework.cloud.gateway.filter.WebsocketRoutingFilter@4451f60c}, order = 2147483646], [GatewayFilterAdapter{delegate=org.springframework.cloud.gateway.filter.NettyRoutingFilter@64aeaf29}, order = 2147483647], [GatewayFilterAdapter{delegate=org.springframework.cloud.gateway.filter.ForwardRoutingFilter@1e1232cf}, order = 2147483647]]
2026-04-10T14:30:28.682+08:00 DEBUG 66116 --- [gateway-service] [ctor-http-nio-3] g.f.h.o.ObservedRequestHttpHeadersFilter : Will instrument the HTTP request headers [User-Agent:"Mozilla/5.0 (Windows NT; Windows NT 10.0; zh-CN) WindowsPowerShell/5.1.26100.7920", Content-Type:"application/json", Host:"localhost:8080", Content-Length:"40", Expect:"100-continue", Forwarded:"proto=http;host="localhost:8080";for="[0:0:0:0:0:0:0:1]:57067"", X-Forwarded-For:"0:0:0:0:0:0:0:1", X-Forwarded-Proto:"http", X-Forwarded-Port:"8080", X-Forwarded-Host:"localhost:8080"]
2026-04-10T14:30:28.691+08:00 DEBUG 66116 --- [gateway-service] [ctor-http-nio-3] g.f.h.o.ObservedRequestHttpHeadersFilter : Client observation  {name=http.client.requests(null), error=null, context=name='http.client.requests', contextualName='null', error='null', lowCardinalityKeyValues=[http.method='POST', http.status_code='UNKNOWN', spring.cloud.gateway.route.id='user-service-auth', spring.cloud.gateway.route.uri='http://localhost:8081'], highCardinalityKeyValues=[http.uri='http://localhost:8080/api/auth/login'], map=[class io.micrometer.core.instrument.LongTaskTimer$Sample='SampleImpl{duration(seconds)=7.625E-4, duration(nanos)=762500.0, startTimeNanos=1380508803206500}', class io.micrometer.core.instrument.Timer$Sample='io.micrometer.core.instrument.Timer$Sample@54ba9f24'], parentObservation={name=http.server.requests(null), error=null, context=name='http.server.requests', contextualName='null', error='null', lowCardinalityKeyValues=[exception='none', method='POST', outcome='SUCCESS', status='200', uri='UNKNOWN'], highCardinalityKeyValues=[http.url='/api/auth/login'], map=[class io.micrometer.core.instrument.LongTaskTimer$Sample='SampleImpl{duration(seconds)=0.0309151, duration(nanos)=3.09151E7, startTimeNanos=1380508773221300}', class io.micrometer.core.instrument.Timer$Sample='io.micrometer.core.instrument.Timer$Sample@74ca3243'], parentObservation=null}} created for the request. New headers are [User-Agent:"Mozilla/5.0 (Windows NT; Windows NT 10.0; zh-CN) WindowsPowerShell/5.1.26100.7920", Content-Type:"application/json", Host:"localhost:8080", Content-Length:"40", Expect:"100-continue", Forwarded:"proto=http;host="localhost:8080";for="[0:0:0:0:0:0:0:1]:57067"", X-Forwarded-For:"0:0:0:0:0:0:0:1", X-Forwarded-Proto:"http", X-Forwarded-Port:"8080", X-Forwarded-Host:"localhost:8080"]
2026-04-10T14:30:28.949+08:00 DEBUG 66116 --- [gateway-service] [ctor-http-nio-3] .f.h.o.ObservedResponseHttpHeadersFilter : Will instrument the response
2026-04-10T14:30:28.960+08:00 DEBUG 66116 --- [gateway-service] [ctor-http-nio-3] .f.h.o.ObservedResponseHttpHeadersFilter : The response was handled for observation {name=http.client.requests(null), error=null, context=name='http.client.requests', contextualName='null', error='null', lowCardinalityKeyValues=[http.method='POST', http.status_code='UNKNOWN', spring.cloud.gateway.route.id='user-service-auth', spring.cloud.gateway.route.uri='http://localhost:8081'], highCardinalityKeyValues=[http.uri='http://localhost:8080/api/auth/login'], map=[class io.micrometer.core.instrument.LongTaskTimer$Sample='SampleImpl{duration(seconds)=0.2675982, duration(nanos)=2.675982E8, startTimeNanos=1380508803206500}', class io.micrometer.core.instrument.Timer$Sample='io.micrometer.core.instrument.Timer$Sample@54ba9f24'], parentObservation={name=http.server.requests(null), error=null, context=name='http.server.requests', contextualName='null', error='null', lowCardinalityKeyValues=[exception='none', method='POST', outcome='SUCCESS', status='200', uri='UNKNOWN'], highCardinalityKeyValues=[http.url='/api/auth/login'], map=[class io.micrometer.core.instrument.LongTaskTimer$Sample='SampleImpl{duration(seconds)=0.2977142, duration(nanos)=2.977142E8, startTimeNanos=1380508773221300}', class io.micrometer.core.instrument.Timer$Sample='io.micrometer.core.instrument.Timer$Sample@74ca3243'], parentObservation=null}}
